<?xml version="1.0" encoding="UTF-8"?>
<TestRun id="b2b65115-ea4d-4679-b5de-e91d487e8416" name="andy@WANFACH 2010-06-16 23:02:08" runUser="wanfach\andy" xmlns="http://microsoft.com/schemas/VisualStudio/TeamTest/2010">
  <TestSettings name="Local" id="11316c2d-f92d-4fba-885b-ed35da5a29fd">
    <Description>These are default test settings for a local test run.</Description>
    <Deployment enabled="false" runDeploymentRoot="andy_WANFACH 2010-06-16 23_02_08">
      <DeploymentItem filename="D:\TrainingMaterials\trunk\GNET\Labs\EFRepository\After Part 3\AcmeCorpEntities\bin\Debug\AcmeCorpEntities.dll" />
      <DeploymentItem filename="D:\TrainingMaterials\trunk\GNET\Labs\EFRepository\After Part 3\AcmeCorpServices\bin\Debug\AcmeCorpServices.dll" />
    </Deployment>
    <Execution>
      <TestTypeSpecific />
      <AgentRule name="Execution Agents">
      </AgentRule>
    </Execution>
  </TestSettings>
  <Times creation="2010-06-16T23:02:08.9460172+01:00" queuing="2010-06-16T23:02:09.8890712+01:00" start="2010-06-16T23:02:09.9600752+01:00" finish="2010-06-16T23:02:25.8759856+01:00" />
  <ResultSummary outcome="Error">
    <Counters total="1" executed="1" error="0" failed="0" timeout="0" aborted="1" inconclusive="0" passedButRunAborted="0" notRunnable="0" notExecuted="0" disconnected="0" warning="0" passed="0" completed="0" inProgress="0" pending="0" />
    <RunInfos>
      <RunInfo computerName="WANFACH" outcome="Error" timestamp="2010-06-16T23:02:25.8759856+01:00">
        <Text>Test host process exited unexpectedly.</Text>
      </RunInfo>
    </RunInfos>
  </ResultSummary>
  <TestDefinitions>
    <UnitTest name="TestMethod1" storage="d:\trainingmaterials\trunk\gnet\labs\efrepository\after part 3\testacmecorpservices\bin\debug\testacmecorpservices.dll" id="2ef89fff-e375-67d6-a826-290094dfac94">
      <Execution id="ead136a2-9ad4-4a2b-807f-831a88aa0c21" />
      <TestMethod codeBase="D:/TrainingMaterials/trunk/GNET/Labs/EFRepository/After Part 3/TestAcmeCorpServices/bin/Debug/TestAcmeCorpServices.DLL" adapterTypeName="Microsoft.VisualStudio.TestTools.TestTypes.Unit.UnitTestAdapter, Microsoft.VisualStudio.QualityTools.Tips.UnitTest.Adapter, Version=10.0.0.0, Culture=neutral, PublicKeyToken=b03f5f7f11d50a3a" className="TestAcmeCorpServices.TestPurchaseOrderService, TestAcmeCorpServices, Version=1.0.0.0, Culture=neutral, PublicKeyToken=null" name="TestMethod1" />
    </UnitTest>
  </TestDefinitions>
  <TestLists>
    <TestList name="Results Not in a List" id="8c84fa94-04c1-424b-9868-57a2d4851a1d" />
    <TestList name="All Loaded Results" id="19431567-8539-422a-85d7-44ee4e166bda" />
  </TestLists>
  <TestEntries>
    <TestEntry testId="2ef89fff-e375-67d6-a826-290094dfac94" executionId="ead136a2-9ad4-4a2b-807f-831a88aa0c21" testListId="8c84fa94-04c1-424b-9868-57a2d4851a1d" />
  </TestEntries>
  <Results>
    <UnitTestResult executionId="ead136a2-9ad4-4a2b-807f-831a88aa0c21" testId="2ef89fff-e375-67d6-a826-290094dfac94" testName="TestMethod1" computerName="WANFACH" duration="00:00:15.8689077" startTime="2010-06-16T23:02:10.0070779+01:00" endTime="2010-06-16T23:02:25.8759856+01:00" testType="13cdc9d9-ddb5-4fa4-a97d-d965ccfc6d4b" outcome="Aborted" testListId="8c84fa94-04c1-424b-9868-57a2d4851a1d" relativeResultsDirectory="ead136a2-9ad4-4a2b-807f-831a88aa0c21">
    </UnitTestResult>
  </Results>
</TestRun>